Archive member included to satisfy reference by file (symbol)

/Applications/ArmGNUToolchain/12.2.rel1/arm-none-eabi/bin/../lib/gcc/arm-none-eabi/12.2.1/../../../../arm-none-eabi/lib/thumb/v7-m/nofp/libc_nano.a(libc_a-exit.o)
                              /Applications/ArmGNUToolchain/12.2.rel1/arm-none-eabi/bin/../lib/gcc/arm-none-eabi/12.2.1/../../../../arm-none-eabi/lib/thumb/v7-m/nofp/crt0.o (exit)
/Applications/ArmGNUToolchain/12.2.rel1/arm-none-eabi/bin/../lib/gcc/arm-none-eabi/12.2.1/../../../../arm-none-eabi/lib/thumb/v7-m/nofp/libc_nano.a(libc_a-findfp.o)
                              /Applications/ArmGNUToolchain/12.2.rel1/arm-none-eabi/bin/../lib/gcc/arm-none-eabi/12.2.1/../../../../arm-none-eabi/lib/thumb/v7-m/nofp/libc_nano.a(libc_a-exit.o) (__stdio_exit_handler)
/Applications/ArmGNUToolchain/12.2.rel1/arm-none-eabi/bin/../lib/gcc/arm-none-eabi/12.2.1/../../../../arm-none-eabi/lib/thumb/v7-m/nofp/libc_nano.a(libc_a-fwalk.o)
                              /Applications/ArmGNUToolchain/12.2.rel1/arm-none-eabi/bin/../lib/gcc/arm-none-eabi/12.2.1/../../../../arm-none-eabi/lib/thumb/v7-m/nofp/libc_nano.a(libc_a-findfp.o) (_fwalk_sglue)
/Applications/ArmGNUToolchain/12.2.rel1/arm-none-eabi/bin/../lib/gcc/arm-none-eabi/12.2.1/../../../../arm-none-eabi/lib/thumb/v7-m/nofp/libc_nano.a(libc_a-memset.o)
                              /Applications/ArmGNUToolchain/12.2.rel1/arm-none-eabi/bin/../lib/gcc/arm-none-eabi/12.2.1/../../../../arm-none-eabi/lib/thumb/v7-m/nofp/crt0.o (memset)
/Applications/ArmGNUToolchain/12.2.rel1/arm-none-eabi/bin/../lib/gcc/arm-none-eabi/12.2.1/../../../../arm-none-eabi/lib/thumb/v7-m/nofp/libc_nano.a(libc_a-impure.o)
                              /Applications/ArmGNUToolchain/12.2.rel1/arm-none-eabi/bin/../lib/gcc/arm-none-eabi/12.2.1/../../../../arm-none-eabi/lib/thumb/v7-m/nofp/libc_nano.a(libc_a-findfp.o) (_impure_data)
/Applications/ArmGNUToolchain/12.2.rel1/arm-none-eabi/bin/../lib/gcc/arm-none-eabi/12.2.1/../../../../arm-none-eabi/lib/thumb/v7-m/nofp/libc_nano.a(libc_a-init.o)
                              /Applications/ArmGNUToolchain/12.2.rel1/arm-none-eabi/bin/../lib/gcc/arm-none-eabi/12.2.1/../../../../arm-none-eabi/lib/thumb/v7-m/nofp/crt0.o (__libc_init_array)
/Applications/ArmGNUToolchain/12.2.rel1/arm-none-eabi/bin/../lib/gcc/arm-none-eabi/12.2.1/../../../../arm-none-eabi/lib/thumb/v7-m/nofp/libc_nano.a(libc_a-lock.o)
                              /Applications/ArmGNUToolchain/12.2.rel1/arm-none-eabi/bin/../lib/gcc/arm-none-eabi/12.2.1/../../../../arm-none-eabi/lib/thumb/v7-m/nofp/libc_nano.a(libc_a-findfp.o) (__retarget_lock_init_recursive)
/Applications/ArmGNUToolchain/12.2.rel1/arm-none-eabi/bin/../lib/gcc/arm-none-eabi/12.2.1/../../../../arm-none-eabi/lib/thumb/v7-m/nofp/libc_nano.a(libc_a-mallocr.o)
                              /Applications/ArmGNUToolchain/12.2.rel1/arm-none-eabi/bin/../lib/gcc/arm-none-eabi/12.2.1/../../../../arm-none-eabi/lib/thumb/v7-m/nofp/libc_nano.a(libc_a-findfp.o) (_malloc_r)
/Applications/ArmGNUToolchain/12.2.rel1/arm-none-eabi/bin/../lib/gcc/arm-none-eabi/12.2.1/../../../../arm-none-eabi/lib/thumb/v7-m/nofp/libc_nano.a(libc_a-fflush.o)
                              /Applications/ArmGNUToolchain/12.2.rel1/arm-none-eabi/bin/../lib/gcc/arm-none-eabi/12.2.1/../../../../arm-none-eabi/lib/thumb/v7-m/nofp/libc_nano.a(libc_a-findfp.o) (_fflush_r)
/Applications/ArmGNUToolchain/12.2.rel1/arm-none-eabi/bin/../lib/gcc/arm-none-eabi/12.2.1/../../../../arm-none-eabi/lib/thumb/v7-m/nofp/libc_nano.a(libc_a-mlock.o)
                              /Applications/ArmGNUToolchain/12.2.rel1/arm-none-eabi/bin/../lib/gcc/arm-none-eabi/12.2.1/../../../../arm-none-eabi/lib/thumb/v7-m/nofp/libc_nano.a(libc_a-mallocr.o) (__malloc_lock)
/Applications/ArmGNUToolchain/12.2.rel1/arm-none-eabi/bin/../lib/gcc/arm-none-eabi/12.2.1/../../../../arm-none-eabi/lib/thumb/v7-m/nofp/libc_nano.a(libc_a-stdio.o)
                              /Applications/ArmGNUToolchain/12.2.rel1/arm-none-eabi/bin/../lib/gcc/arm-none-eabi/12.2.1/../../../../arm-none-eabi/lib/thumb/v7-m/nofp/libc_nano.a(libc_a-findfp.o) (__sread)
/Applications/ArmGNUToolchain/12.2.rel1/arm-none-eabi/bin/../lib/gcc/arm-none-eabi/12.2.1/../../../../arm-none-eabi/lib/thumb/v7-m/nofp/libc_nano.a(libc_a-closer.o)
                              /Applications/ArmGNUToolchain/12.2.rel1/arm-none-eabi/bin/../lib/gcc/arm-none-eabi/12.2.1/../../../../arm-none-eabi/lib/thumb/v7-m/nofp/libc_nano.a(libc_a-stdio.o) (_close_r)
/Applications/ArmGNUToolchain/12.2.rel1/arm-none-eabi/bin/../lib/gcc/arm-none-eabi/12.2.1/../../../../arm-none-eabi/lib/thumb/v7-m/nofp/libc_nano.a(libc_a-reent.o)
                              /Applications/ArmGNUToolchain/12.2.rel1/arm-none-eabi/bin/../lib/gcc/arm-none-eabi/12.2.1/../../../../arm-none-eabi/lib/thumb/v7-m/nofp/libc_nano.a(libc_a-closer.o) (errno)
[...]
Memory Configuration

Name             Origin             Length             Attributes
FLASH            0x0000000000000000 0x0000000000020000 xr
RAM              0x0000000020000000 0x0000000000004000 xrw
*default*        0x0000000000000000 0xffffffffffffffff

Linker script and memory map

LOAD /Applications/ArmGNUToolchain/12.2.rel1/arm-none-eabi/bin/../lib/gcc/arm-none-eabi/12.2.1/thumb/v7-m/nofp/crti.o
LOAD /Applications/ArmGNUToolchain/12.2.rel1/arm-none-eabi/bin/../lib/gcc/arm-none-eabi/12.2.1/thumb/v7-m/nofp/crtbegin.o
LOAD /Applications/ArmGNUToolchain/12.2.rel1/arm-none-eabi/bin/../lib/gcc/arm-none-eabi/12.2.1/../../../../arm-none-eabi/lib/thumb/v7-m/nofp/crt0.o
START GROUP
LOAD /Applications/ArmGNUToolchain/12.2.rel1/arm-none-eabi/bin/../lib/gcc/arm-none-eabi/12.2.1/thumb/v7-m/nofp/libgcc.a
LOAD /Applications/ArmGNUToolchain/12.2.rel1/arm-none-eabi/bin/../lib/gcc/arm-none-eabi/12.2.1/../../../../arm-none-eabi/lib/thumb/v7-m/nofp/libc_nano.a
LOAD /Applications/ArmGNUToolchain/12.2.rel1/arm-none-eabi/bin/../lib/gcc/arm-none-eabi/12.2.1/../../../../arm-none-eabi/lib/thumb/v7-m/nofp/libnosys.a
END GROUP
LOAD CMakeFiles/EFM-Blink.axf.dir/device/startup/startup_efm32g.c.obj
LOAD CMakeFiles/EFM-Blink.axf.dir/device/system/system_efm32g.c.obj
LOAD CMakeFiles/EFM-Blink.axf.dir/emlib/src/em_cmu.c.obj
LOAD CMakeFiles/EFM-Blink.axf.dir/emlib/src/em_core.c.obj
LOAD CMakeFiles/EFM-Blink.axf.dir/emlib/src/em_msc.c.obj
LOAD CMakeFiles/EFM-Blink.axf.dir/emlib/src/em_gpio.c.obj
LOAD CMakeFiles/EFM-Blink.axf.dir/emlib/src/em_usart.c.obj
LOAD CMakeFiles/EFM-Blink.axf.dir/emlib/src/em_system.c.obj
LOAD CMakeFiles/EFM-Blink.axf.dir/src/flash/flash.c.obj
LOAD CMakeFiles/EFM-Blink.axf.dir/src/serial/serial.c.obj
LOAD CMakeFiles/EFM-Blink.axf.dir/src/main.c.obj
START GROUP
LOAD /Applications/ArmGNUToolchain/12.2.rel1/arm-none-eabi/bin/../lib/gcc/arm-none-eabi/12.2.1/thumb/v7-m/nofp/libgcc.a
LOAD /Applications/ArmGNUToolchain/12.2.rel1/arm-none-eabi/bin/../lib/gcc/arm-none-eabi/12.2.1/../../../../arm-none-eabi/lib/thumb/v7-m/nofp/libc_nano.a
END GROUP
START GROUP
LOAD /Applications/ArmGNUToolchain/12.2.rel1/arm-none-eabi/bin/../lib/gcc/arm-none-eabi/12.2.1/thumb/v7-m/nofp/libgcc.a
LOAD /Applications/ArmGNUToolchain/12.2.rel1/arm-none-eabi/bin/../lib/gcc/arm-none-eabi/12.2.1/../../../../arm-none-eabi/lib/thumb/v7-m/nofp/libc_nano.a
LOAD /Applications/ArmGNUToolchain/12.2.rel1/arm-none-eabi/bin/../lib/gcc/arm-none-eabi/12.2.1/../../../../arm-none-eabi/lib/thumb/v7-m/nofp/libnosys.a
END GROUP
START GROUP
LOAD /Applications/ArmGNUToolchain/12.2.rel1/arm-none-eabi/bin/../lib/gcc/arm-none-eabi/12.2.1/thumb/v7-m/nofp/libgcc.a
LOAD /Applications/ArmGNUToolchain/12.2.rel1/arm-none-eabi/bin/../lib/gcc/arm-none-eabi/12.2.1/../../../../arm-none-eabi/lib/thumb/v7-m/nofp/libc_nano.a
LOAD /Applications/ArmGNUToolchain/12.2.rel1/arm-none-eabi/bin/../lib/gcc/arm-none-eabi/12.2.1/../../../../arm-none-eabi/lib/thumb/v7-m/nofp/libnosys.a
END GROUP
LOAD /Applications/ArmGNUToolchain/12.2.rel1/arm-none-eabi/bin/../lib/gcc/arm-none-eabi/12.2.1/thumb/v7-m/nofp/crtend.o
LOAD /Applications/ArmGNUToolchain/12.2.rel1/arm-none-eabi/bin/../lib/gcc/arm-none-eabi/12.2.1/thumb/v7-m/nofp/crtn.o

.text           0x0000000000000000     0x15f0
 *(.vectors)
 .vectors       0x0000000000000000       0xbc CMakeFiles/EFM-Blink.axf.dir/device/startup/startup_efm32g.c.obj
                0x0000000000000000                __Vectors
                0x00000000000000bc                __Vectors_End = .
                0x00000000000000bc                __Vectors_Size = (__Vectors_End - __Vectors)
                0x0000000020000140                __end__ = .
 *(.text*)
 .text.deregister_tm_clones
                0x00000000000000bc       0x1c /Applications/ArmGNUToolchain/12.2.rel1/arm-none-eabi/bin/../lib/gcc/arm-none-eabi/12.2.1/thumb/v7-m/nofp/crtbegin.o
 .text.register_tm_clones
                0x00000000000000d8       0x24 /Applications/ArmGNUToolchain/12.2.rel1/arm-none-eabi/bin/../lib/gcc/arm-none-eabi/12.2.1/thumb/v7-m/nofp/crtbegin.o
 .text.__do_global_dtors_aux
                0x00000000000000fc       0x28 /Applications/ArmGNUToolchain/12.2.rel1/arm-none-eabi/bin/../lib/gcc/arm-none-eabi/12.2.1/thumb/v7-m/nofp/crtbegin.o
 .text.frame_dummy
                0x0000000000000124       0x24 /Applications/ArmGNUToolchain/12.2.rel1/arm-none-eabi/bin/../lib/gcc/arm-none-eabi/12.2.1/thumb/v7-m/nofp/crtbegin.o
 .text          0x0000000000000148       0x7c /Applications/ArmGNUToolchain/12.2.rel1/arm-none-eabi/bin/../lib/gcc/arm-none-eabi/12.2.1/../../../../arm-none-eabi/lib/thumb/v7-m/nofp/crt0.o
                0x0000000000000148                _stack_init
                0x0000000000000150                _mainCRTStartup
                0x0000000000000150                _start
 .text.exit     0x00000000000001c4       0x24 /Applications/ArmGNUToolchain/12.2.rel1/arm-none-eabi/bin/../lib/gcc/arm-none-eabi/12.2.1/../../../../arm-none-eabi/lib/thumb/v7-m/nofp/libc_nano.a(libc_a-exit.o)
                0x00000000000001c4                exit
 .text.memset   0x00000000000001e8       0x10 /Applications/ArmGNUToolchain/12.2.rel1/arm-none-eabi/bin/../lib/gcc/arm-none-eabi/12.2.1/../../../../arm-none-eabi/lib/thumb/v7-m/nofp/libc_nano.a(libc_a-memset.o)
                0x00000000000001e8                memset
 .text.__libc_init_array
                0x00000000000001f8       0x48 /Applications/ArmGNUToolchain/12.2.rel1/arm-none-eabi/bin/../lib/gcc/arm-none-eabi/12.2.1/../../../../arm-none-eabi/lib/thumb/v7-m/nofp/libc_nano.a(libc_a-init.o)
                0x00000000000001f8                __libc_init_array
 .text._exit    0x0000000000000240        0x4 /Applications/ArmGNUToolchain/12.2.rel1/arm-none-eabi/bin/../lib/gcc/arm-none-eabi/12.2.1/../../../../arm-none-eabi/lib/thumb/v7-m/nofp/libnosys.a(_exit.o)
                0x0000000000000240                _exit
 .text.Reset_Handler
                0x0000000000000244       0x4c CMakeFiles/EFM-Blink.axf.dir/device/startup/startup_efm32g.c.obj
                0x0000000000000244                Reset_Handler
 .text.Default_Handler
                0x0000000000000290        0x8 CMakeFiles/EFM-Blink.axf.dir/device/startup/startup_efm32g.c.obj
                0x0000000000000290                USART2_TX_IRQHandler
                0x0000000000000290                DebugMon_Handler
                0x0000000000000290                USART0_TX_IRQHandler
                0x0000000000000290                I2C0_IRQHandler
                0x0000000000000290                HardFault_Handler
                0x0000000000000290                LEUART1_IRQHandler
                0x0000000000000290                USART1_RX_IRQHandler
                0x0000000000000290                PendSV_Handler
                0x0000000000000290                NMI_Handler
                0x0000000000000290                USART1_TX_IRQHandler
                0x0000000000000290                MSC_IRQHandler
                0x0000000000000290                ADC0_IRQHandler
                0x0000000000000290                UsageFault_Handler
                0x0000000000000290                LEUART0_IRQHandler
                0x0000000000000290                GPIO_EVEN_IRQHandler
                0x0000000000000290                UART0_TX_IRQHandler
                0x0000000000000290                RTC_IRQHandler
                0x0000000000000290                TIMER0_IRQHandler
                0x0000000000000290                LCD_IRQHandler
                0x0000000000000290                PCNT2_IRQHandler
                0x0000000000000290                UART0_RX_IRQHandler
                0x0000000000000290                LETIMER0_IRQHandler
                0x0000000000000290                TIMER1_IRQHandler
                0x0000000000000290                Default_Handler
                0x0000000000000290                PCNT0_IRQHandler
                0x0000000000000290                sl_app_properties
                0x0000000000000290                PCNT1_IRQHandler
                0x0000000000000290                ACMP0_IRQHandler
                0x0000000000000290                USART0_RX_IRQHandler
                0x0000000000000290                MemManage_Handler
                0x0000000000000290                SVC_Handler
                0x0000000000000290                DAC0_IRQHandler
                0x0000000000000290                CMU_IRQHandler
                0x0000000000000290                GPIO_ODD_IRQHandler
                0x0000000000000290                AES_IRQHandler
                0x0000000000000290                VCMP_IRQHandler
                0x0000000000000290                DMA_IRQHandler
                0x0000000000000290                BusFault_Handler
                0x0000000000000290                TIMER2_IRQHandler
 .text.GetProdRev
                0x0000000000000298       0x18 CMakeFiles/EFM-Blink.axf.dir/device/system/system_efm32g.c.obj
 .text.SystemCoreClockGet
                0x00000000000002b0       0x34 CMakeFiles/EFM-Blink.axf.dir/device/system/system_efm32g.c.obj
                0x00000000000002b0                SystemCoreClockGet
 .text.SystemHFClockGet
                0x00000000000002e4      0x108 CMakeFiles/EFM-Blink.axf.dir/device/system/system_efm32g.c.obj
                0x00000000000002e4                SystemHFClockGet
 .text.SystemInit
                0x00000000000003ec       0x1c CMakeFiles/EFM-Blink.axf.dir/device/system/system_efm32g.c.obj
                0x00000000000003ec                SystemInit
 .text.SystemLFRCOClockGet
                0x0000000000000408       0x10 CMakeFiles/EFM-Blink.axf.dir/device/system/system_efm32g.c.obj
                0x0000000000000408                SystemLFRCOClockGet
 .text.SystemLFXOClockGet
                0x0000000000000418       0x14 CMakeFiles/EFM-Blink.axf.dir/device/system/system_efm32g.c.obj
                0x0000000000000418                SystemLFXOClockGet
 .text.BUS_RegBitWrite
                0x000000000000042c       0x30 CMakeFiles/EFM-Blink.axf.dir/emlib/src/em_cmu.c.obj
 .text.CMU_DivToLog2
                0x000000000000045c       0x2c CMakeFiles/EFM-Blink.axf.dir/emlib/src/em_cmu.c.obj
 .text.auxClkGet
                0x0000000000000488       0x1c CMakeFiles/EFM-Blink.axf.dir/emlib/src/em_cmu.c.obj
 .text.dbgClkGet
                0x00000000000004a4       0x40 CMakeFiles/EFM-Blink.axf.dir/emlib/src/em_cmu.c.obj
 .text.lfClkGet
                0x00000000000004e4       0xb0 CMakeFiles/EFM-Blink.axf.dir/emlib/src/em_cmu.c.obj
 .text.syncReg  0x0000000000000594       0x34 CMakeFiles/EFM-Blink.axf.dir/emlib/src/em_cmu.c.obj
 .text.CMU_ClockEnable
                0x00000000000005c8       0xbc CMakeFiles/EFM-Blink.axf.dir/emlib/src/em_cmu.c.obj
                0x00000000000005c8                CMU_ClockEnable
 .text.CMU_ClockFreqGet
                0x0000000000000684      0x208 CMakeFiles/EFM-Blink.axf.dir/emlib/src/em_cmu.c.obj
                0x0000000000000684                CMU_ClockFreqGet
 .text.CMU_ClockSelectGet
                0x000000000000088c       0xfc CMakeFiles/EFM-Blink.axf.dir/emlib/src/em_cmu.c.obj
                0x000000000000088c                CMU_ClockSelectGet
 .text.CORE_EnterCritical
                0x0000000000000988       0x20 CMakeFiles/EFM-Blink.axf.dir/emlib/src/em_core.c.obj
                0x0000000000000988                CORE_EnterCritical
 .text.CORE_ExitCritical
                0x00000000000009a8       0x1c CMakeFiles/EFM-Blink.axf.dir/emlib/src/em_core.c.obj
                0x00000000000009a8                CORE_ExitCritical
 .text.GPIO_PinOutClear
                0x00000000000009c4       0x58 CMakeFiles/EFM-Blink.axf.dir/emlib/src/em_gpio.c.obj
 .text.GPIO_PinOutSet
                0x0000000000000a1c       0x58 CMakeFiles/EFM-Blink.axf.dir/emlib/src/em_gpio.c.obj
 .text.GPIO_PinModeSet
                0x0000000000000a74      0x110 CMakeFiles/EFM-Blink.axf.dir/emlib/src/em_gpio.c.obj
                0x0000000000000a74                GPIO_PinModeSet
 .text.USART_BaudrateAsyncSet
                0x0000000000000b84       0xb8 CMakeFiles/EFM-Blink.axf.dir/emlib/src/em_usart.c.obj
                0x0000000000000b84                USART_BaudrateAsyncSet
 .text.USART_Enable
                0x0000000000000c3c       0x60 CMakeFiles/EFM-Blink.axf.dir/emlib/src/em_usart.c.obj
                0x0000000000000c3c                USART_Enable
 .text.USART_InitAsync
                0x0000000000000c9c       0x8c CMakeFiles/EFM-Blink.axf.dir/emlib/src/em_usart.c.obj
                0x0000000000000c9c                USART_InitAsync
 .text.USART_Reset
                0x0000000000000d28       0x84 CMakeFiles/EFM-Blink.axf.dir/emlib/src/em_usart.c.obj
                0x0000000000000d28                USART_Reset
 .text.USART_Rx
                0x0000000000000dac       0x26 CMakeFiles/EFM-Blink.axf.dir/emlib/src/em_usart.c.obj
                0x0000000000000dac                USART_Rx
 .text.USART_Tx
                0x0000000000000dd2       0x2a CMakeFiles/EFM-Blink.axf.dir/emlib/src/em_usart.c.obj
                0x0000000000000dd2                USART_Tx
 .text.SYSTEM_ChipRevisionGet
                0x0000000000000dfc       0x78 CMakeFiles/EFM-Blink.axf.dir/emlib/src/em_system.c.obj
                0x0000000000000dfc                SYSTEM_ChipRevisionGet
 .text.flash_init
                0x0000000000000e74       0x24 CMakeFiles/EFM-Blink.axf.dir/src/flash/flash.c.obj
                0x0000000000000e74                flash_init
 .text.flash_read_address
                0x0000000000000e98       0x16 CMakeFiles/EFM-Blink.axf.dir/src/flash/flash.c.obj
                0x0000000000000e98                flash_read_address
 *fill*         0x0000000000000eae        0x2 
 .text.NVIC_EnableIRQ
                0x0000000000000eb0       0x30 CMakeFiles/EFM-Blink.axf.dir/src/serial/serial.c.obj
 .text.NVIC_ClearPendingIRQ
                0x0000000000000ee0       0x34 CMakeFiles/EFM-Blink.axf.dir/src/serial/serial.c.obj
 .text.NVIC_SetPriority
                0x0000000000000f14       0x54 CMakeFiles/EFM-Blink.axf.dir/src/serial/serial.c.obj
 .text.USART_IntClear
                0x0000000000000f68       0x1a CMakeFiles/EFM-Blink.axf.dir/src/serial/serial.c.obj
 .text.USART_IntEnable
                0x0000000000000f82       0x20 CMakeFiles/EFM-Blink.axf.dir/src/serial/serial.c.obj
 *fill*         0x0000000000000fa2        0x2 
 .text.serial_init
                0x0000000000000fa4       0xac CMakeFiles/EFM-Blink.axf.dir/src/serial/serial.c.obj
                0x0000000000000fa4                serial_init
 .text.serial_send_string
                0x0000000000001050       0x40 CMakeFiles/EFM-Blink.axf.dir/src/serial/serial.c.obj
                0x0000000000001050                serial_send_string
 .text.serial_main
                0x0000000000001090       0xec CMakeFiles/EFM-Blink.axf.dir/src/serial/serial.c.obj
                0x0000000000001090                serial_main
 .text.NVIC_SetPriority
                0x000000000000117c       0x54 CMakeFiles/EFM-Blink.axf.dir/src/main.c.obj
 .text.SysTick_Config
                0x00000000000011d0       0x44 CMakeFiles/EFM-Blink.axf.dir/src/main.c.obj
 .text.GPIO_PinOutClear
                0x0000000000001214       0x58 CMakeFiles/EFM-Blink.axf.dir/src/main.c.obj
 .text.GPIO_PinOutSet
                0x000000000000126c       0x58 CMakeFiles/EFM-Blink.axf.dir/src/main.c.obj
 .text.CHIP_Init
                0x00000000000012c4      0x188 CMakeFiles/EFM-Blink.axf.dir/src/main.c.obj
 .text.USART_IntClear
                0x000000000000144c       0x1a CMakeFiles/EFM-Blink.axf.dir/src/main.c.obj
 *fill*         0x0000000000001466        0x2 
 .text.main     0x0000000000001468       0x90 CMakeFiles/EFM-Blink.axf.dir/src/main.c.obj
                0x0000000000001468                main
 .text.SysTick_Handler
                0x00000000000014f8       0x1c CMakeFiles/EFM-Blink.axf.dir/src/main.c.obj
                0x00000000000014f8                SysTick_Handler
 .text.Delay    0x0000000000001514       0x30 CMakeFiles/EFM-Blink.axf.dir/src/main.c.obj
                0x0000000000001514                Delay
 .text.USART2_RX_IRQHandler
                0x0000000000001544       0x30 CMakeFiles/EFM-Blink.axf.dir/src/main.c.obj
                0x0000000000001544                USART2_RX_IRQHandler
 *(.init)
 .init          0x0000000000001574        0x4 /Applications/ArmGNUToolchain/12.2.rel1/arm-none-eabi/bin/../lib/gcc/arm-none-eabi/12.2.1/thumb/v7-m/nofp/crti.o
                0x0000000000001574                _init
 .init          0x0000000000001578        0x8 /Applications/ArmGNUToolchain/12.2.rel1/arm-none-eabi/bin/../lib/gcc/arm-none-eabi/12.2.1/thumb/v7-m/nofp/crtn.o
 *(.fini)
 .fini          0x0000000000001580        0x4 /Applications/ArmGNUToolchain/12.2.rel1/arm-none-eabi/bin/../lib/gcc/arm-none-eabi/12.2.1/thumb/v7-m/nofp/crti.o
                0x0000000000001580                _fini
 .fini          0x0000000000001584        0x8 /Applications/ArmGNUToolchain/12.2.rel1/arm-none-eabi/bin/../lib/gcc/arm-none-eabi/12.2.1/thumb/v7-m/nofp/crtn.o
 *fill*         0x000000000000158c        0x4 
 .fini.__stub   0x0000000000001590       0x10 linker stubs
 *crtbegin.o(.ctors)
 *crtbegin?.o(.ctors)
 *(EXCLUDE_FILE(*crtend.o *crtend?.o) .ctors)
 *(SORT_BY_NAME(.ctors.*))
 *(.ctors)
 *crtbegin.o(.dtors)
 *crtbegin?.o(.dtors)
 *(EXCLUDE_FILE(*crtend.o *crtend?.o) .dtors)
 *(SORT_BY_NAME(.dtors.*))
 *(.dtors)
 *(.rodata*)
 .rodata        0x00000000000015a0       0x4a CMakeFiles/EFM-Blink.axf.dir/src/serial/serial.c.obj
 *(.eh_frame*)
 *fill*         0x00000000000015ea        0x2 
 .eh_frame      0x00000000000015ec        0x0 /Applications/ArmGNUToolchain/12.2.rel1/arm-none-eabi/bin/../lib/gcc/arm-none-eabi/12.2.1/thumb/v7-m/nofp/crtbegin.o
 .eh_frame      0x00000000000015ec        0x4 /Applications/ArmGNUToolchain/12.2.rel1/arm-none-eabi/bin/../lib/gcc/arm-none-eabi/12.2.1/thumb/v7-m/nofp/crtend.o

.glue_7         0x00000000000015f0        0x0
 .glue_7        0x00000000000015f0        0x0 linker stubs

.glue_7t        0x00000000000015f0        0x0
 .glue_7t       0x00000000000015f0        0x0 linker stubs

.vfp11_veneer   0x00000000000015f0        0x0
 .vfp11_veneer  0x00000000000015f0        0x0 linker stubs

.v4_bx          0x00000000000015f0        0x0
 .v4_bx         0x00000000000015f0        0x0 linker stubs

.iplt           0x00000000000015f0        0x0
 .iplt          0x00000000000015f0        0x0 /Applications/ArmGNUToolchain/12.2.rel1/arm-none-eabi/bin/../lib/gcc/arm-none-eabi/12.2.1/thumb/v7-m/nofp/crtbegin.o

.ARM.extab
 *(.ARM.extab* .gnu.linkonce.armextab.*)
                0x00000000000015f0                __exidx_start = .

.ARM.exidx      0x00000000000015f0        0x8
 *(.ARM.exidx* .gnu.linkonce.armexidx.*)
 .ARM.exidx     0x00000000000015f0        0x8 /Applications/ArmGNUToolchain/12.2.rel1/arm-none-eabi/bin/../lib/gcc/arm-none-eabi/12.2.1/../../../../arm-none-eabi/lib/thumb/v7-m/nofp/crt0.o
                                         0x10 (size before relaxing)
                0x00000000000015f8                __exidx_end = .
                0x00000000000015f8                __etext = .

.rel.dyn        0x00000000000015f8        0x0
 .rel.iplt      0x00000000000015f8        0x0 /Applications/ArmGNUToolchain/12.2.rel1/arm-none-eabi/bin/../lib/gcc/arm-none-eabi/12.2.1/thumb/v7-m/nofp/crtbegin.o

.data           0x0000000020000000      0x114 load address 0x00000000000015f8
                0x0000000020000000                __data_start__ = .
 *(vtable)
 *(.data*)
 .data.SystemHFXOClock
                0x0000000020000000        0x4 CMakeFiles/EFM-Blink.axf.dir/device/system/system_efm32g.c.obj
 .data.SystemLFXOClock
                0x0000000020000004        0x4 CMakeFiles/EFM-Blink.axf.dir/device/system/system_efm32g.c.obj
 .data.SystemCoreClock
                0x0000000020000008        0x4 CMakeFiles/EFM-Blink.axf.dir/device/system/system_efm32g.c.obj
                0x0000000020000008                SystemCoreClock
 .data.usart    0x000000002000000c        0x4 CMakeFiles/EFM-Blink.axf.dir/src/serial/serial.c.obj
                0x000000002000000c                usart
 .data.string_1
                0x0000000020000010       0x14 CMakeFiles/EFM-Blink.axf.dir/src/serial/serial.c.obj
 .data.string_2
                0x0000000020000024       0x14 CMakeFiles/EFM-Blink.axf.dir/src/serial/serial.c.obj
 .data.string_3
                0x0000000020000038       0x18 CMakeFiles/EFM-Blink.axf.dir/src/serial/serial.c.obj
                0x0000000020000050                . = ALIGN (0x4)
                [!provide]                        PROVIDE (__ram_func_section_start = .)
 *(.ram)
 .ram           0x0000000020000050       0xbc CMakeFiles/EFM-Blink.axf.dir/src/flash/flash.c.obj
                0x0000000020000050                flash_write
                0x00000000200000b4                flash_erase_page
                [!provide]                        PROVIDE (__ram_func_section_end = .)
                0x000000002000010c                . = ALIGN (0x4)
                0x000000002000010c                PROVIDE (__preinit_array_start = .)
 *(.preinit_array)
                0x000000002000010c                PROVIDE (__preinit_array_end = .)
                0x000000002000010c                . = ALIGN (0x4)
                0x000000002000010c                PROVIDE (__init_array_start = .)
 *(SORT_BY_NAME(.init_array.*))
 *(.init_array)
 .init_array    0x000000002000010c        0x4 /Applications/ArmGNUToolchain/12.2.rel1/arm-none-eabi/bin/../lib/gcc/arm-none-eabi/12.2.1/thumb/v7-m/nofp/crtbegin.o
                0x0000000020000110                PROVIDE (__init_array_end = .)
                0x0000000020000110                . = ALIGN (0x4)
                [!provide]                        PROVIDE (__fini_array_start = .)
 *(SORT_BY_NAME(.fini_array.*))
 *(.fini_array)
 .fini_array    0x0000000020000110        0x4 /Applications/ArmGNUToolchain/12.2.rel1/arm-none-eabi/bin/../lib/gcc/arm-none-eabi/12.2.1/thumb/v7-m/nofp/crtbegin.o
                [!provide]                        PROVIDE (__fini_array_end = .)
 *(.jcr*)
                0x0000000020000114                . = ALIGN (0x4)
                0x0000000020000114                __data_end__ = .

.tm_clone_table
                0x0000000020000114        0x0 load address 0x000000000000170c
 .tm_clone_table
                0x0000000020000114        0x0 /Applications/ArmGNUToolchain/12.2.rel1/arm-none-eabi/bin/../lib/gcc/arm-none-eabi/12.2.1/thumb/v7-m/nofp/crtbegin.o
 .tm_clone_table
                0x0000000020000114        0x0 /Applications/ArmGNUToolchain/12.2.rel1/arm-none-eabi/bin/../lib/gcc/arm-none-eabi/12.2.1/thumb/v7-m/nofp/crtend.o

.igot.plt       0x0000000020000114        0x0 load address 0x000000000000170c
 .igot.plt      0x0000000020000114        0x0 /Applications/ArmGNUToolchain/12.2.rel1/arm-none-eabi/bin/../lib/gcc/arm-none-eabi/12.2.1/thumb/v7-m/nofp/crtbegin.o

.bss            0x0000000020000114       0x28 load address 0x000000000000170c
                0x0000000020000114                . = ALIGN (0x4)
                0x0000000020000114                __bss_start__ = .
 *(.bss*)
 .bss.completed.1
                0x0000000020000114        0x1 /Applications/ArmGNUToolchain/12.2.rel1/arm-none-eabi/bin/../lib/gcc/arm-none-eabi/12.2.1/thumb/v7-m/nofp/crtbegin.o
 *fill*         0x0000000020000115        0x3 
 .bss.object.0  0x0000000020000118       0x18 /Applications/ArmGNUToolchain/12.2.rel1/arm-none-eabi/bin/../lib/gcc/arm-none-eabi/12.2.1/thumb/v7-m/nofp/crtbegin.o
 .bss.__stdio_exit_handler
                0x0000000020000130        0x4 /Applications/ArmGNUToolchain/12.2.rel1/arm-none-eabi/bin/../lib/gcc/arm-none-eabi/12.2.1/../../../../arm-none-eabi/lib/thumb/v7-m/nofp/libc_nano.a(libc_a-findfp.o)
                0x0000000020000130                __stdio_exit_handler
 .bss.msTicks   0x0000000020000134        0x4 CMakeFiles/EFM-Blink.axf.dir/src/main.c.obj
                0x0000000020000134                msTicks
 .bss.rx_char   0x0000000020000138        0x1 CMakeFiles/EFM-Blink.axf.dir/src/main.c.obj
                0x0000000020000138                rx_char
 *(COMMON)
                0x000000002000013c                . = ALIGN (0x4)
 *fill*         0x0000000020000139        0x3 
                0x000000002000013c                __bss_end__ = .

.heap           0x0000000020000140      0xc00
                0x0000000020000140                __HeapBase = .
                0x0000000020000140                __end__ = .
                0x0000000020000140                end = __end__
                0x0000000020000140                _end = __end__
 *(.heap*)
 .heap          0x0000000020000140      0xc00 CMakeFiles/EFM-Blink.axf.dir/device/startup/startup_efm32g.c.obj
                0x0000000020000d40                __HeapLimit = .

.stack_dummy    0x0000000020000d40      0x400
 *(.stack*)
 .stack         0x0000000020000d40      0x400 CMakeFiles/EFM-Blink.axf.dir/device/startup/startup_efm32g.c.obj
                0x0000000020004000                __StackTop = (ORIGIN (RAM) + LENGTH (RAM))
                0x0000000020003c00                __StackLimit = (__StackTop - SIZEOF (.stack_dummy))
                0x0000000020004000                PROVIDE (__stack = __StackTop)
                0x0000000000000001                ASSERT ((__StackLimit >= __HeapLimit), region RAM overflowed with stack)
                0x0000000000000001                ASSERT ((LENGTH (FLASH) >= (__etext + SIZEOF (.data))), FLASH memory overflowed !)
OUTPUT(EFM-Blink.axf elf32-littlearm)
LOAD linker stubs

.ARM.attributes
                0x0000000000000000       0x29
 .ARM.attributes
                0x0000000000000000       0x1d /Applications/ArmGNUToolchain/12.2.rel1/arm-none-eabi/bin/../lib/gcc/arm-none-eabi/12.2.1/thumb/v7-m/nofp/crti.o
 .ARM.attributes
                0x000000000000001d       0x2d /Applications/ArmGNUToolchain/12.2.rel1/arm-none-eabi/bin/../lib/gcc/arm-none-eabi/12.2.1/thumb/v7-m/nofp/crtbegin.o
 .ARM.attributes
                0x000000000000004a       0x1b /Applications/ArmGNUToolchain/12.2.rel1/arm-none-eabi/bin/../lib/gcc/arm-none-eabi/12.2.1/../../../../arm-none-eabi/lib/thumb/v7-m/nofp/crt0.o
 .ARM.attributes
                0x0000000000000065       0x2d /Applications/ArmGNUToolchain/12.2.rel1/arm-none-eabi/bin/../lib/gcc/arm-none-eabi/12.2.1/../../../../arm-none-eabi/lib/thumb/v7-m/nofp/libc_nano.a(libc_a-exit.o)
 .ARM.attributes
                0x0000000000000092       0x2d /Applications/ArmGNUToolchain/12.2.rel1/arm-none-eabi/bin/../lib/gcc/arm-none-eabi/12.2.1/../../../../arm-none-eabi/lib/thumb/v7-m/nofp/libc_nano.a(libc_a-findfp.o)
 .ARM.attributes
                0x00000000000000bf       0x2d /Applications/ArmGNUToolchain/12.2.rel1/arm-none-eabi/bin/../lib/gcc/arm-none-eabi/12.2.1/../../../../arm-none-eabi/lib/thumb/v7-m/nofp/libc_nano.a(libc_a-memset.o)
 .ARM.attributes
                0x00000000000000ec       0x2d /Applications/ArmGNUToolchain/12.2.rel1/arm-none-eabi/bin/../lib/gcc/arm-none-eabi/12.2.1/../../../../arm-none-eabi/lib/thumb/v7-m/nofp/libc_nano.a(libc_a-init.o)
 .ARM.attributes
                0x0000000000000119       0x2d /Applications/ArmGNUToolchain/12.2.rel1/arm-none-eabi/bin/../lib/gcc/arm-none-eabi/12.2.1/../../../../arm-none-eabi/lib/thumb/v7-m/nofp/libnosys.a(_exit.o)
 .ARM.attributes
                0x0000000000000146       0x2d CMakeFiles/EFM-Blink.axf.dir/device/startup/startup_efm32g.c.obj
 .ARM.attributes
                0x0000000000000173       0x2d CMakeFiles/EFM-Blink.axf.dir/device/system/system_efm32g.c.obj
 .ARM.attributes
                0x00000000000001a0       0x2d CMakeFiles/EFM-Blink.axf.dir/emlib/src/em_cmu.c.obj
 .ARM.attributes
                0x00000000000001cd       0x2d CMakeFiles/EFM-Blink.axf.dir/emlib/src/em_core.c.obj
 .ARM.attributes
                0x00000000000001fa       0x2d CMakeFiles/EFM-Blink.axf.dir/emlib/src/em_gpio.c.obj
 .ARM.attributes
                0x0000000000000227       0x2d CMakeFiles/EFM-Blink.axf.dir/emlib/src/em_usart.c.obj
 .ARM.attributes
                0x0000000000000254       0x2d CMakeFiles/EFM-Blink.axf.dir/emlib/src/em_system.c.obj
 .ARM.attributes
                0x0000000000000281       0x2d CMakeFiles/EFM-Blink.axf.dir/src/flash/flash.c.obj
 .ARM.attributes
                0x00000000000002ae       0x2d CMakeFiles/EFM-Blink.axf.dir/src/serial/serial.c.obj
 .ARM.attributes
                0x00000000000002db       0x2d CMakeFiles/EFM-Blink.axf.dir/src/main.c.obj
 .ARM.attributes
                0x0000000000000308       0x2d /Applications/ArmGNUToolchain/12.2.rel1/arm-none-eabi/bin/../lib/gcc/arm-none-eabi/12.2.1/thumb/v7-m/nofp/crtend.o
 .ARM.attributes
                0x0000000000000335       0x1d /Applications/ArmGNUToolchain/12.2.rel1/arm-none-eabi/bin/../lib/gcc/arm-none-eabi/12.2.1/thumb/v7-m/nofp/crtn.o

.comment        0x0000000000000000       0x40
 .comment       0x0000000000000000       0x40 CMakeFiles/EFM-Blink.axf.dir/device/startup/startup_efm32g.c.obj
                                         0x41 (size before relaxing)
 .comment       0x0000000000000040       0x41 CMakeFiles/EFM-Blink.axf.dir/device/system/system_efm32g.c.obj
 .comment       0x0000000000000040       0x41 CMakeFiles/EFM-Blink.axf.dir/emlib/src/em_cmu.c.obj
 .comment       0x0000000000000040       0x41 CMakeFiles/EFM-Blink.axf.dir/emlib/src/em_core.c.obj
 .comment       0x0000000000000040       0x41 CMakeFiles/EFM-Blink.axf.dir/emlib/src/em_gpio.c.obj
 .comment       0x0000000000000040       0x41 CMakeFiles/EFM-Blink.axf.dir/emlib/src/em_usart.c.obj
 .comment       0x0000000000000040       0x41 CMakeFiles/EFM-Blink.axf.dir/emlib/src/em_system.c.obj
 .comment       0x0000000000000040       0x41 CMakeFiles/EFM-Blink.axf.dir/src/flash/flash.c.obj
 .comment       0x0000000000000040       0x41 CMakeFiles/EFM-Blink.axf.dir/src/serial/serial.c.obj
 .comment       0x0000000000000040       0x41 CMakeFiles/EFM-Blink.axf.dir/src/main.c.obj

.debug_line_str
                0x0000000000000000       0xe8
 .debug_line_str
                0x0000000000000000       0xe8 /Applications/ArmGNUToolchain/12.2.rel1/arm-none-eabi/bin/../lib/gcc/arm-none-eabi/12.2.1/../../../../arm-none-eabi/lib/thumb/v7-m/nofp/crt0.o

.debug_frame    0x0000000000000000     0x15b0
 .debug_frame   0x0000000000000000       0x28 /Applications/ArmGNUToolchain/12.2.rel1/arm-none-eabi/bin/../lib/gcc/arm-none-eabi/12.2.1/../../../../arm-none-eabi/lib/thumb/v7-m/nofp/libc_nano.a(libc_a-exit.o)
 .debug_frame   0x0000000000000028      0x144 /Applications/ArmGNUToolchain/12.2.rel1/arm-none-eabi/bin/../lib/gcc/arm-none-eabi/12.2.1/../../../../arm-none-eabi/lib/thumb/v7-m/nofp/libc_nano.a(libc_a-findfp.o)
 .debug_frame   0x000000000000016c       0x20 /Applications/ArmGNUToolchain/12.2.rel1/arm-none-eabi/bin/../lib/gcc/arm-none-eabi/12.2.1/../../../../arm-none-eabi/lib/thumb/v7-m/nofp/libc_nano.a(libc_a-memset.o)
 .debug_frame   0x000000000000018c       0x2c /Applications/ArmGNUToolchain/12.2.rel1/arm-none-eabi/bin/../lib/gcc/arm-none-eabi/12.2.1/../../../../arm-none-eabi/lib/thumb/v7-m/nofp/libc_nano.a(libc_a-init.o)
 .debug_frame   0x00000000000001b8       0x20 /Applications/ArmGNUToolchain/12.2.rel1/arm-none-eabi/bin/../lib/gcc/arm-none-eabi/12.2.1/../../../../arm-none-eabi/lib/thumb/v7-m/nofp/libnosys.a(_exit.o)
 .debug_frame   0x00000000000001d8       0x48 CMakeFiles/EFM-Blink.axf.dir/device/startup/startup_efm32g.c.obj
 .debug_frame   0x0000000000000220      0x180 CMakeFiles/EFM-Blink.axf.dir/device/system/system_efm32g.c.obj
 .debug_frame   0x00000000000003a0      0x54c CMakeFiles/EFM-Blink.axf.dir/emlib/src/em_cmu.c.obj
 .debug_frame   0x00000000000008ec      0x3dc CMakeFiles/EFM-Blink.axf.dir/emlib/src/em_core.c.obj
 .debug_frame   0x0000000000000cc8      0x198 CMakeFiles/EFM-Blink.axf.dir/emlib/src/em_gpio.c.obj
 .debug_frame   0x0000000000000e60      0x344 CMakeFiles/EFM-Blink.axf.dir/emlib/src/em_usart.c.obj
 .debug_frame   0x00000000000011a4       0x60 CMakeFiles/EFM-Blink.axf.dir/emlib/src/em_system.c.obj
 .debug_frame   0x0000000000001204       0xc4 CMakeFiles/EFM-Blink.axf.dir/src/flash/flash.c.obj
 .debug_frame   0x00000000000012c8      0x170 CMakeFiles/EFM-Blink.axf.dir/src/serial/serial.c.obj
 .debug_frame   0x0000000000001438      0x178 CMakeFiles/EFM-Blink.axf.dir/src/main.c.obj

.debug_info     0x0000000000000000     0x51f6
 .debug_info    0x0000000000000000      0x21a CMakeFiles/EFM-Blink.axf.dir/device/startup/startup_efm32g.c.obj
 .debug_info    0x000000000000021a      0x6bc CMakeFiles/EFM-Blink.axf.dir/device/system/system_efm32g.c.obj
 .debug_info    0x00000000000008d6      0xfcd CMakeFiles/EFM-Blink.axf.dir/emlib/src/em_cmu.c.obj
 .debug_info    0x00000000000018a3      0xbd3 CMakeFiles/EFM-Blink.axf.dir/emlib/src/em_core.c.obj
 .debug_info    0x0000000000002476      0x569 CMakeFiles/EFM-Blink.axf.dir/emlib/src/em_gpio.c.obj
 .debug_info    0x00000000000029df      0xbd1 CMakeFiles/EFM-Blink.axf.dir/emlib/src/em_usart.c.obj
 .debug_info    0x00000000000035b0      0x21d CMakeFiles/EFM-Blink.axf.dir/emlib/src/em_system.c.obj
 .debug_info    0x00000000000037cd      0x22b CMakeFiles/EFM-Blink.axf.dir/src/flash/flash.c.obj
 .debug_info    0x00000000000039f8      0xbae CMakeFiles/EFM-Blink.axf.dir/src/serial/serial.c.obj
 .debug_info    0x00000000000045a6      0xc50 CMakeFiles/EFM-Blink.axf.dir/src/main.c.obj

.debug_abbrev   0x0000000000000000     0x158c
 .debug_abbrev  0x0000000000000000      0x163 CMakeFiles/EFM-Blink.axf.dir/device/startup/startup_efm32g.c.obj
 .debug_abbrev  0x0000000000000163      0x210 CMakeFiles/EFM-Blink.axf.dir/device/system/system_efm32g.c.obj
 .debug_abbrev  0x0000000000000373      0x2e7 CMakeFiles/EFM-Blink.axf.dir/emlib/src/em_cmu.c.obj
 .debug_abbrev  0x000000000000065a      0x2ab CMakeFiles/EFM-Blink.axf.dir/emlib/src/em_core.c.obj
 .debug_abbrev  0x0000000000000905      0x204 CMakeFiles/EFM-Blink.axf.dir/emlib/src/em_gpio.c.obj
 .debug_abbrev  0x0000000000000b09      0x231 CMakeFiles/EFM-Blink.axf.dir/emlib/src/em_usart.c.obj
 .debug_abbrev  0x0000000000000d3a      0x114 CMakeFiles/EFM-Blink.axf.dir/emlib/src/em_system.c.obj
 .debug_abbrev  0x0000000000000e4e      0x12c CMakeFiles/EFM-Blink.axf.dir/src/flash/flash.c.obj
 .debug_abbrev  0x0000000000000f7a      0x2cc CMakeFiles/EFM-Blink.axf.dir/src/serial/serial.c.obj
 .debug_abbrev  0x0000000000001246      0x346 CMakeFiles/EFM-Blink.axf.dir/src/main.c.obj

.debug_aranges  0x0000000000000000      0x510
 .debug_aranges
                0x0000000000000000       0x28 CMakeFiles/EFM-Blink.axf.dir/device/startup/startup_efm32g.c.obj
 .debug_aranges
                0x0000000000000028       0x70 CMakeFiles/EFM-Blink.axf.dir/device/system/system_efm32g.c.obj
 .debug_aranges
                0x0000000000000098      0x138 CMakeFiles/EFM-Blink.axf.dir/emlib/src/em_cmu.c.obj
 .debug_aranges
                0x00000000000001d0       0xe8 CMakeFiles/EFM-Blink.axf.dir/emlib/src/em_core.c.obj
 .debug_aranges
                0x00000000000002b8       0x68 CMakeFiles/EFM-Blink.axf.dir/emlib/src/em_gpio.c.obj
 .debug_aranges
                0x0000000000000320       0xc0 CMakeFiles/EFM-Blink.axf.dir/emlib/src/em_usart.c.obj
 .debug_aranges
                0x00000000000003e0       0x28 CMakeFiles/EFM-Blink.axf.dir/emlib/src/em_system.c.obj
 .debug_aranges
                0x0000000000000408       0x40 CMakeFiles/EFM-Blink.axf.dir/src/flash/flash.c.obj
 .debug_aranges
                0x0000000000000448       0x60 CMakeFiles/EFM-Blink.axf.dir/src/serial/serial.c.obj
 .debug_aranges
                0x00000000000004a8       0x68 CMakeFiles/EFM-Blink.axf.dir/src/main.c.obj

.debug_rnglists
                0x0000000000000000      0x3b3
 .debug_rnglists
                0x0000000000000000       0x19 CMakeFiles/EFM-Blink.axf.dir/device/startup/startup_efm32g.c.obj
 .debug_rnglists
                0x0000000000000019       0x50 CMakeFiles/EFM-Blink.axf.dir/device/system/system_efm32g.c.obj
 .debug_rnglists
                0x0000000000000069       0xef CMakeFiles/EFM-Blink.axf.dir/emlib/src/em_cmu.c.obj
 .debug_rnglists
                0x0000000000000158       0xab CMakeFiles/EFM-Blink.axf.dir/emlib/src/em_core.c.obj
 .debug_rnglists
                0x0000000000000203       0x4c CMakeFiles/EFM-Blink.axf.dir/emlib/src/em_gpio.c.obj
 .debug_rnglists
                0x000000000000024f       0x90 CMakeFiles/EFM-Blink.axf.dir/emlib/src/em_usart.c.obj
 .debug_rnglists
                0x00000000000002df       0x19 CMakeFiles/EFM-Blink.axf.dir/emlib/src/em_system.c.obj
 .debug_rnglists
                0x00000000000002f8       0x2b CMakeFiles/EFM-Blink.axf.dir/src/flash/flash.c.obj
 .debug_rnglists
                0x0000000000000323       0x45 CMakeFiles/EFM-Blink.axf.dir/src/serial/serial.c.obj
 .debug_rnglists
                0x0000000000000368       0x4b CMakeFiles/EFM-Blink.axf.dir/src/main.c.obj

.debug_macro    0x0000000000000000    0x1538f
 .debug_macro   0x0000000000000000      0x233 CMakeFiles/EFM-Blink.axf.dir/device/startup/startup_efm32g.c.obj
 .debug_macro   0x0000000000000233      0xa96 CMakeFiles/EFM-Blink.axf.dir/device/startup/startup_efm32g.c.obj
 .debug_macro   0x0000000000000cc9       0x22 CMakeFiles/EFM-Blink.axf.dir/device/startup/startup_efm32g.c.obj
 .debug_macro   0x0000000000000ceb      0x2f9 CMakeFiles/EFM-Blink.axf.dir/device/startup/startup_efm32g.c.obj
 .debug_macro   0x0000000000000fe4       0x22 CMakeFiles/EFM-Blink.axf.dir/device/startup/startup_efm32g.c.obj
 .debug_macro   0x0000000000001006       0x56 CMakeFiles/EFM-Blink.axf.dir/device/startup/startup_efm32g.c.obj
 .debug_macro   0x000000000000105c       0x51 CMakeFiles/EFM-Blink.axf.dir/device/startup/startup_efm32g.c.obj
 .debug_macro   0x00000000000010ad      0x103 CMakeFiles/EFM-Blink.axf.dir/device/startup/startup_efm32g.c.obj
 .debug_macro   0x00000000000011b0       0x6a CMakeFiles/EFM-Blink.axf.dir/device/startup/startup_efm32g.c.obj
 .debug_macro   0x000000000000121a      0x1df CMakeFiles/EFM-Blink.axf.dir/device/startup/startup_efm32g.c.obj
 .debug_macro   0x00000000000013f9       0x34 CMakeFiles/EFM-Blink.axf.dir/device/startup/startup_efm32g.c.obj
 .debug_macro   0x000000000000142d       0x34 CMakeFiles/EFM-Blink.axf.dir/device/startup/startup_efm32g.c.obj
 .debug_macro   0x0000000000001461      0xcb4 CMakeFiles/EFM-Blink.axf.dir/device/startup/startup_efm32g.c.obj
 .debug_macro   0x0000000000002115      0x37d CMakeFiles/EFM-Blink.axf.dir/device/startup/startup_efm32g.c.obj
 .debug_macro   0x0000000000002492     0x1a47 CMakeFiles/EFM-Blink.axf.dir/device/startup/startup_efm32g.c.obj
 .debug_macro   0x0000000000003ed9      0x475 CMakeFiles/EFM-Blink.axf.dir/device/startup/startup_efm32g.c.obj
 .debug_macro   0x000000000000434e      0x142 CMakeFiles/EFM-Blink.axf.dir/device/startup/startup_efm32g.c.obj
 .debug_macro   0x0000000000004490      0x136 CMakeFiles/EFM-Blink.axf.dir/device/startup/startup_efm32g.c.obj
 .debug_macro   0x00000000000045c6     0x1878 CMakeFiles/EFM-Blink.axf.dir/device/startup/startup_efm32g.c.obj
 .debug_macro   0x0000000000005e3e      0x441 CMakeFiles/EFM-Blink.axf.dir/device/startup/startup_efm32g.c.obj
 .debug_macro   0x000000000000627f     0x1615 CMakeFiles/EFM-Blink.axf.dir/device/startup/startup_efm32g.c.obj
 .debug_macro   0x0000000000007894     0x1889 CMakeFiles/EFM-Blink.axf.dir/device/startup/startup_efm32g.c.obj
 .debug_macro   0x000000000000911d      0xecd CMakeFiles/EFM-Blink.axf.dir/device/startup/startup_efm32g.c.obj
 .debug_macro   0x0000000000009fea      0x37f CMakeFiles/EFM-Blink.axf.dir/device/startup/startup_efm32g.c.obj
 .debug_macro   0x000000000000a369      0x855 CMakeFiles/EFM-Blink.axf.dir/device/startup/startup_efm32g.c.obj
 .debug_macro   0x000000000000abbe      0x506 CMakeFiles/EFM-Blink.axf.dir/device/startup/startup_efm32g.c.obj
 .debug_macro   0x000000000000b0c4      0x6ae CMakeFiles/EFM-Blink.axf.dir/device/startup/startup_efm32g.c.obj
 .debug_macro   0x000000000000b772      0x629 CMakeFiles/EFM-Blink.axf.dir/device/startup/startup_efm32g.c.obj
 .debug_macro   0x000000000000bd9b      0x7cb CMakeFiles/EFM-Blink.axf.dir/device/startup/startup_efm32g.c.obj
 .debug_macro   0x000000000000c566     0x1a83 CMakeFiles/EFM-Blink.axf.dir/device/startup/startup_efm32g.c.obj
 .debug_macro   0x000000000000dfe9      0x33d CMakeFiles/EFM-Blink.axf.dir/device/startup/startup_efm32g.c.obj
 .debug_macro   0x000000000000e326      0xf14 CMakeFiles/EFM-Blink.axf.dir/device/startup/startup_efm32g.c.obj
 .debug_macro   0x000000000000f23a     0x1040 CMakeFiles/EFM-Blink.axf.dir/device/startup/startup_efm32g.c.obj
 .debug_macro   0x000000000001027a      0x927 CMakeFiles/EFM-Blink.axf.dir/device/startup/startup_efm32g.c.obj
 .debug_macro   0x0000000000010ba1      0x1c9 CMakeFiles/EFM-Blink.axf.dir/device/startup/startup_efm32g.c.obj
 .debug_macro   0x0000000000010d6a      0x22b CMakeFiles/EFM-Blink.axf.dir/device/startup/startup_efm32g.c.obj
 .debug_macro   0x0000000000010f95       0x40 CMakeFiles/EFM-Blink.axf.dir/device/startup/startup_efm32g.c.obj
 .debug_macro   0x0000000000010fd5      0x1ee CMakeFiles/EFM-Blink.axf.dir/device/startup/startup_efm32g.c.obj
 .debug_macro   0x00000000000111c3      0x142 CMakeFiles/EFM-Blink.axf.dir/device/startup/startup_efm32g.c.obj
 .debug_macro   0x0000000000011305       0xfa CMakeFiles/EFM-Blink.axf.dir/device/startup/startup_efm32g.c.obj
 .debug_macro   0x00000000000113ff      0x252 CMakeFiles/EFM-Blink.axf.dir/device/startup/startup_efm32g.c.obj
 .debug_macro   0x0000000000011651     0x186c CMakeFiles/EFM-Blink.axf.dir/device/startup/startup_efm32g.c.obj
 .debug_macro   0x0000000000012ebd       0x27 CMakeFiles/EFM-Blink.axf.dir/device/startup/startup_efm32g.c.obj
 .debug_macro   0x0000000000012ee4      0x1de CMakeFiles/EFM-Blink.axf.dir/device/startup/startup_efm32g.c.obj
 .debug_macro   0x00000000000130c2      0x1de CMakeFiles/EFM-Blink.axf.dir/device/startup/startup_efm32g.c.obj
 .debug_macro   0x00000000000132a0      0x22f CMakeFiles/EFM-Blink.axf.dir/device/system/system_efm32g.c.obj
 .debug_macro   0x00000000000134cf       0x3a CMakeFiles/EFM-Blink.axf.dir/device/system/system_efm32g.c.obj
 .debug_macro   0x0000000000013509      0x29e CMakeFiles/EFM-Blink.axf.dir/emlib/src/em_cmu.c.obj
 .debug_macro   0x00000000000137a7       0x10 CMakeFiles/EFM-Blink.axf.dir/emlib/src/em_cmu.c.obj
 .debug_macro   0x00000000000137b7       0xd5 CMakeFiles/EFM-Blink.axf.dir/emlib/src/em_cmu.c.obj
 .debug_macro   0x000000000001388c       0x69 CMakeFiles/EFM-Blink.axf.dir/emlib/src/em_cmu.c.obj
 .debug_macro   0x00000000000138f5      0x337 CMakeFiles/EFM-Blink.axf.dir/emlib/src/em_cmu.c.obj
 .debug_macro   0x0000000000013c2c      0x182 CMakeFiles/EFM-Blink.axf.dir/emlib/src/em_cmu.c.obj
 .debug_macro   0x0000000000013dae       0xe8 CMakeFiles/EFM-Blink.axf.dir/emlib/src/em_cmu.c.obj
 .debug_macro   0x0000000000013e96       0x11 CMakeFiles/EFM-Blink.axf.dir/emlib/src/em_cmu.c.obj
 .debug_macro   0x0000000000013ea7      0x267 CMakeFiles/EFM-Blink.axf.dir/emlib/src/em_core.c.obj
 .debug_macro   0x000000000001410e       0x63 CMakeFiles/EFM-Blink.axf.dir/emlib/src/em_core.c.obj
 .debug_macro   0x0000000000014171       0xba CMakeFiles/EFM-Blink.axf.dir/emlib/src/em_core.c.obj
 .debug_macro   0x000000000001422b      0x24e CMakeFiles/EFM-Blink.axf.dir/emlib/src/em_gpio.c.obj
 .debug_macro   0x0000000000014479       0xcf CMakeFiles/EFM-Blink.axf.dir/emlib/src/em_gpio.c.obj
 .debug_macro   0x0000000000014548      0x28b CMakeFiles/EFM-Blink.axf.dir/emlib/src/em_usart.c.obj
 .debug_macro   0x00000000000147d3       0xe4 CMakeFiles/EFM-Blink.axf.dir/emlib/src/em_usart.c.obj
 .debug_macro   0x00000000000148b7      0x23c CMakeFiles/EFM-Blink.axf.dir/emlib/src/em_system.c.obj
 .debug_macro   0x0000000000014af3      0x273 CMakeFiles/EFM-Blink.axf.dir/src/flash/flash.c.obj
 .debug_macro   0x0000000000014d66      0x28f CMakeFiles/EFM-Blink.axf.dir/src/serial/serial.c.obj
 .debug_macro   0x0000000000014ff5       0xea CMakeFiles/EFM-Blink.axf.dir/src/serial/serial.c.obj
 .debug_macro   0x00000000000150df      0x2b0 CMakeFiles/EFM-Blink.axf.dir/src/main.c.obj

.debug_line     0x0000000000000000     0x6473
 .debug_line    0x0000000000000000      0x69e CMakeFiles/EFM-Blink.axf.dir/device/startup/startup_efm32g.c.obj
 .debug_line    0x000000000000069e      0x78a CMakeFiles/EFM-Blink.axf.dir/device/system/system_efm32g.c.obj
 .debug_line    0x0000000000000e28     0x128a CMakeFiles/EFM-Blink.axf.dir/emlib/src/em_cmu.c.obj
 .debug_line    0x00000000000020b2      0xba4 CMakeFiles/EFM-Blink.axf.dir/emlib/src/em_core.c.obj
 .debug_line    0x0000000000002c56      0x9a5 CMakeFiles/EFM-Blink.axf.dir/emlib/src/em_gpio.c.obj
 .debug_line    0x00000000000035fb      0xc4f CMakeFiles/EFM-Blink.axf.dir/emlib/src/em_usart.c.obj
 .debug_line    0x000000000000424a      0x72f CMakeFiles/EFM-Blink.axf.dir/emlib/src/em_system.c.obj
 .debug_line    0x0000000000004979      0x79f CMakeFiles/EFM-Blink.axf.dir/src/flash/flash.c.obj
 .debug_line    0x0000000000005118      0x912 CMakeFiles/EFM-Blink.axf.dir/src/serial/serial.c.obj
 .debug_line    0x0000000000005a2a      0xa49 CMakeFiles/EFM-Blink.axf.dir/src/main.c.obj

.debug_str      0x0000000000000000    0x76833
 .debug_str     0x0000000000000000    0x720cd CMakeFiles/EFM-Blink.axf.dir/device/startup/startup_efm32g.c.obj
                                      0x72569 (size before relaxing)
 .debug_str     0x00000000000720cd      0x3ae CMakeFiles/EFM-Blink.axf.dir/device/system/system_efm32g.c.obj
                                      0x727c9 (size before relaxing)
 .debug_str     0x000000000007247b     0x2279 CMakeFiles/EFM-Blink.axf.dir/emlib/src/em_cmu.c.obj
                                      0x7497a (size before relaxing)
 .debug_str     0x00000000000746f4      0xc1a CMakeFiles/EFM-Blink.axf.dir/emlib/src/em_core.c.obj
                                      0x73381 (size before relaxing)
 .debug_str     0x000000000007530e      0x445 CMakeFiles/EFM-Blink.axf.dir/emlib/src/em_gpio.c.obj
                                      0x72f83 (size before relaxing)
 .debug_str     0x0000000000075753      0xaff CMakeFiles/EFM-Blink.axf.dir/emlib/src/em_usart.c.obj
                                      0x7461a (size before relaxing)
 .debug_str     0x0000000000076252      0x118 CMakeFiles/EFM-Blink.axf.dir/emlib/src/em_system.c.obj
                                      0x728b3 (size before relaxing)
 .debug_str     0x000000000007636a      0x29c CMakeFiles/EFM-Blink.axf.dir/src/flash/flash.c.obj
                                      0x7304c (size before relaxing)
 .debug_str     0x0000000000076606      0x156 CMakeFiles/EFM-Blink.axf.dir/src/serial/serial.c.obj
                                      0x74365 (size before relaxing)
 .debug_str     0x000000000007675c       0xd7 CMakeFiles/EFM-Blink.axf.dir/src/main.c.obj
                                      0x74ec6 (size before relaxing)
